#
# There is insufficient memory for the Java Runtime Environment to continue.
# Native memory allocation (malloc) failed to allocate 1048576 bytes. Error detail: AllocateHeap
# Possible reasons:
#   The system is out of physical RAM or swap space
#   This process is running with CompressedOops enabled, and the Java Heap may be blocking the growth of the native heap
# Possible solutions:
#   Reduce memory load on the system
#   Increase physical memory or swap space
#   Check if swap backing store is full
#   Decrease Java heap size (-Xmx/-Xms)
#   Decrease number of Java threads
#   Decrease Java thread stack sizes (-Xss)
#   Set larger code cache with -XX:ReservedCodeCacheSize=
#   JVM is running with Unscaled Compressed Oops mode in which the Java heap is
#     placed in the first 4GB address space. The Java Heap base address is the
#     maximum limit for the native heap growth. Please use -XX:HeapBaseMinAddress
#     to set the Java Heap base and to place the Java Heap above 4GB virtual address.
# This output file may be truncated or incomplete.
#
#  Out of Memory Error (allocation.cpp:44), pid=13396, tid=31572
#
# JRE version: OpenJDK Runtime Environment Temurin-21.0.11+10 (21.0.11+10) (build 21.0.11+10-LTS)
# Java VM: OpenJDK 64-Bit Server VM Temurin-21.0.11+10 (21.0.11+10-LTS, mixed mode, sharing, tiered, compressed oops, compressed class ptrs, parallel gc, windows-amd64)
# No core dump will be written. Minidumps are not enabled by default on client versions of Windows
#

---------------  S U M M A R Y ------------

Command Line: --add-modules=ALL-SYSTEM --add-opens=java.base/java.util=ALL-UNNAMED --add-opens=java.base/java.lang=ALL-UNNAMED --add-opens=java.base/sun.nio.fs=ALL-UNNAMED -Declipse.application=org.eclipse.jdt.ls.core.id1 -Dosgi.bundles.defaultStartLevel=4 -Declipse.product=org.eclipse.jdt.ls.core.product -Djava.import.generatesMetadataFilesAtProjectRoot=false -DDetectVMInstallationsJob.disabled=true -Dfile.encoding=utf8 -XX:+UseParallelGC -XX:GCTimeRatio=4 -XX:AdaptiveSizePolicyWeight=90 -Dsun.zip.disableMemoryMapping=true -Xmx2G -Xms100m -Xlog:disable -javaagent:c:\Users\91706\.vscode\extensions\redhat.java-1.55.0-win32-x64\lombok\lombok-1.18.39-4050.jar -XX:+HeapDumpOnOutOfMemoryError -XX:HeapDumpPath=c:\Users\91706\AppData\Roaming\Code\User\workspaceStorage\10f03aeb9798a9b39d6ee033638ceb2f\redhat.java -Daether.dependencyCollector.impl=bf c:\Users\91706\.vscode\extensions\redhat.java-1.55.0-win32-x64\server\plugins\org.eclipse.equinox.launcher_1.7.200.v20260619-2039.jar -configuration c:\Users\91706\AppData\Roaming\Code\User\globalStorage\redhat.java\1.55.0\config_win -data c:\Users\91706\AppData\Roaming\Code\User\workspaceStorage\10f03aeb9798a9b39d6ee033638ceb2f\redhat.java\jdt_ws --pipe=\\.\pipe\lsp-bdea92420f799ffe7dd81ba4cd84c4a4-sock

Host: Intel(R) Core(TM) i5-1035G1 CPU @ 1.00GHz, 8 cores, 7G,  Windows 11 , 64 bit Build 26100 (10.0.26100.8521)
Time: Tue Jul 14 00:47:12 2026 India Standard Time elapsed time: 867606.523271 seconds (10d 1h 0m 6s)

---------------  T H R E A D  ---------------

Current thread (0x0000017116f86d00):  JavaThread "Attach Listener" daemon [_thread_in_vm, id=31572, stack(0x0000003b70e00000,0x0000003b70f00000) (1024K)]

Stack: [0x0000003b70e00000,0x0000003b70f00000]
Native frames: (J=compiled Java code, j=interpreted, Vv=VM code, C=native code)
V  [jvm.dll+0x6d7e19]
V  [jvm.dll+0x8b5096]
V  [jvm.dll+0x8b764e]
V  [jvm.dll+0x8b7d33]
V  [jvm.dll+0x284596]
V  [jvm.dll+0xc13c7]
V  [jvm.dll+0x6d86c9]
V  [jvm.dll+0x133616]
V  [jvm.dll+0x3f868e]
V  [jvm.dll+0x85fb0d]
V  [jvm.dll+0x6d664d]
C  [ucrtbase.dll+0x2cd30]
C  [KERNEL32.DLL+0x2e957]
C  [ntdll.dll+0x87c1c]


---------------  P R O C E S S  ---------------

Threads class SMR info:
_java_thread_list=0x000001717a27a5d0, length=40, elements={
0x000001711700d500, 0x0000017116f7c370, 0x0000017116f7f760, 0x0000017116f852e0,
0x0000017116f86d00, 0x0000017116f8d9b0, 0x0000017116f96820, 0x0000017116f9a400,
0x0000017116f9bda0, 0x000001717054ea80, 0x0000017170669820, 0x0000017170b3e6d0,
0x0000017175195990, 0x0000017175196d40, 0x00000171751945e0, 0x00000171751973d0,
0x0000017175196020, 0x00000171751966b0, 0x0000017175712ab0, 0x0000017175711d90,
0x00000171757137d0, 0x0000017175711070, 0x0000017175710350, 0x0000017175713e60,
0x00000171757144f0, 0x0000017175714b80, 0x0000017175711700, 0x0000017175715f30,
0x00000171757165c0, 0x0000017175716c50, 0x0000017175194c70, 0x0000017175195300,
0x0000017175acb500, 0x00000171756d7870, 0x00000171756dba10, 0x00000171756da660,
0x00000171756d92b0, 0x00000171756d8c20, 0x0000017177d78270, 0x0000017177d75480
}

Java Threads: ( => current thread )
  0x000001711700d500 JavaThread "main"                              [_thread_blocked, id=12480, stack(0x0000003b70700000,0x0000003b70800000) (1024K)]
  0x0000017116f7c370 JavaThread "Reference Handler"          daemon [_thread_blocked, id=2176, stack(0x0000003b70b00000,0x0000003b70c00000) (1024K)]
  0x0000017116f7f760 JavaThread "Finalizer"                  daemon [_thread_blocked, id=32404, stack(0x0000003b70c00000,0x0000003b70d00000) (1024K)]
  0x0000017116f852e0 JavaThread "Signal Dispatcher"          daemon [_thread_blocked, id=23912, stack(0x0000003b70d00000,0x0000003b70e00000) (1024K)]
=>0x0000017116f86d00 JavaThread "Attach Listener"            daemon [_thread_in_vm, id=31572, stack(0x0000003b70e00000,0x0000003b70f00000) (1024K)]
  0x0000017116f8d9b0 JavaThread "Service Thread"             daemon [_thread_blocked, id=27600, stack(0x0000003b70f00000,0x0000003b71000000) (1024K)]
  0x0000017116f96820 JavaThread "Monitor Deflation Thread"   daemon [_thread_blocked, id=14576, stack(0x0000003b71000000,0x0000003b71100000) (1024K)]
  0x0000017116f9a400 JavaThread "C2 CompilerThread0"         daemon [_thread_blocked, id=28832, stack(0x0000003b71100000,0x0000003b71200000) (1024K)]
  0x0000017116f9bda0 JavaThread "C1 CompilerThread0"         daemon [_thread_blocked, id=29680, stack(0x0000003b71200000,0x0000003b71300000) (1024K)]
  0x000001717054ea80 JavaThread "Common-Cleaner"             daemon [_thread_blocked, id=12760, stack(0x0000003b71400000,0x0000003b71500000) (1024K)]
  0x0000017170669820 JavaThread "Notification Thread"        daemon [_thread_blocked, id=15256, stack(0x0000003b71500000,0x0000003b71600000) (1024K)]
  0x0000017170b3e6d0 JavaThread "Active Thread: Equinox Container: 429daea0-0d15-48c0-8910-5b10d2cf35aa"        [_thread_blocked, id=1848, stack(0x0000003b72200000,0x0000003b72300000) (1024K)]
  0x0000017175195990 JavaThread "Framework Event Dispatcher: Equinox Container: 429daea0-0d15-48c0-8910-5b10d2cf35aa" daemon [_thread_blocked, id=17988, stack(0x0000003b71300000,0x0000003b71400000) (1024K)]
  0x0000017175196d40 JavaThread "Start Level: Equinox Container: 429daea0-0d15-48c0-8910-5b10d2cf35aa" daemon [_thread_blocked, id=14992, stack(0x0000003b72300000,0x0000003b72400000) (1024K)]
  0x00000171751945e0 JavaThread "Bundle File Closer"         daemon [_thread_blocked, id=2784, stack(0x0000003b72600000,0x0000003b72700000) (1024K)]
  0x00000171751973d0 JavaThread "Refresh Thread: Equinox Container: 429daea0-0d15-48c0-8910-5b10d2cf35aa" daemon [_thread_blocked, id=21232, stack(0x0000003b72700000,0x0000003b72800000) (1024K)]
  0x0000017175196020 JavaThread "SCR Component Actor"        daemon [_thread_blocked, id=8696, stack(0x0000003b72500000,0x0000003b72600000) (1024K)]
  0x00000171751966b0 JavaThread "Worker-JM"                         [_thread_blocked, id=3372, stack(0x0000003b72800000,0x0000003b72900000) (1024K)]
  0x0000017175712ab0 JavaThread "Java indexing"              daemon [_thread_blocked, id=20144, stack(0x0000003b73000000,0x0000003b73100000) (1024K)]
  0x0000017175711d90 JavaThread "JNA Cleaner"                daemon [_thread_blocked, id=33168, stack(0x0000003b71c00000,0x0000003b71d00000) (1024K)]
  0x00000171757137d0 JavaThread "Thread-1"                   daemon [_thread_in_native, id=18612, stack(0x0000003b72100000,0x0000003b72200000) (1024K)]
  0x0000017175711070 JavaThread "Thread-2"                   daemon [_thread_in_native, id=33648, stack(0x0000003b72900000,0x0000003b72a00000) (1024K)]
  0x0000017175710350 JavaThread "Thread-3"                   daemon [_thread_in_native, id=29128, stack(0x0000003b72a00000,0x0000003b72b00000) (1024K)]
  0x0000017175713e60 JavaThread "Thread-4"                   daemon [_thread_in_native, id=11444, stack(0x0000003b73200000,0x0000003b73300000) (1024K)]
  0x00000171757144f0 JavaThread "Thread-5"                   daemon [_thread_in_native, id=28768, stack(0x0000003b73300000,0x0000003b73400000) (1024K)]
  0x0000017175714b80 JavaThread "Thread-6"                   daemon [_thread_in_native, id=10976, stack(0x0000003b73400000,0x0000003b73500000) (1024K)]
  0x0000017175711700 JavaThread "Thread-7"                   daemon [_thread_in_native, id=33048, stack(0x0000003b73500000,0x0000003b73600000) (1024K)]
  0x0000017175715f30 JavaThread "Thread-8"                   daemon [_thread_in_native, id=18404, stack(0x0000003b73600000,0x0000003b73700000) (1024K)]
  0x00000171757165c0 JavaThread "Thread-9"                   daemon [_thread_in_native, id=4944, stack(0x0000003b73700000,0x0000003b73800000) (1024K)]
  0x0000017175716c50 JavaThread "pool-2-thread-1"                   [_thread_blocked, id=27376, stack(0x0000003b73800000,0x0000003b73900000) (1024K)]
  0x0000017175194c70 JavaThread "WorkspaceEventsHandler"            [_thread_blocked, id=10848, stack(0x0000003b73900000,0x0000003b73a00000) (1024K)]
  0x0000017175195300 JavaThread "pool-1-thread-1"                   [_thread_blocked, id=12568, stack(0x0000003b73a00000,0x0000003b73b00000) (1024K)]
  0x0000017175acb500 JavaThread "Cleaner-0"                  daemon [_thread_blocked, id=3392, stack(0x0000003b75500000,0x0000003b75600000) (1024K)]
  0x00000171756d7870 JavaThread "PatternSearchJob-worker-172" daemon [_thread_blocked, id=10760, stack(0x0000003b72f00000,0x0000003b73000000) (1024K)]
  0x00000171756dba10 JavaThread "PatternSearchJob-worker-175" daemon [_thread_blocked, id=12312, stack(0x0000003b73c00000,0x0000003b73d00000) (1024K)]
  0x00000171756da660 JavaThread "PatternSearchJob-worker-176" daemon [_thread_blocked, id=34848, stack(0x0000003b73d00000,0x0000003b73e00000) (1024K)]
  0x00000171756d92b0 JavaThread "PatternSearchJob-worker-177" daemon [_thread_blocked, id=32132, stack(0x0000003b73e00000,0x0000003b73f00000) (1024K)]
  0x00000171756d8c20 JavaThread "PatternSearchJob-worker-178" daemon [_thread_blocked, id=20736, stack(0x0000003b73f00000,0x0000003b74000000) (1024K)]
  0x0000017177d78270 JavaThread "Worker-306"                        [_thread_blocked, id=24612, stack(0x0000003b71e00000,0x0000003b71f00000) (1024K)]
  0x0000017177d75480 JavaThread "Worker-307"                        [_thread_blocked, id=15036, stack(0x0000003b72000000,0x0000003b72100000) (1024K)]
Total: 40

Other Threads:
  0x00000171170cda80 VMThread "VM Thread"                           [id=32164, stack(0x0000003b70a00000,0x0000003b70b00000) (1024K)]
  0x000001711707adf0 WatcherThread "VM Periodic Task Thread"        [id=1644, stack(0x0000003b70900000,0x0000003b70a00000) (1024K)]
  0x000001711702df70 WorkerThread "GC Thread#0"                     [id=13756, stack(0x0000003b70800000,0x0000003b70900000) (1024K)]
  0x0000017170f39010 WorkerThread "GC Thread#1"                     [id=20516, stack(0x0000003b71600000,0x0000003b71700000) (1024K)]
  0x0000017170f393c0 WorkerThread "GC Thread#2"                     [id=5992, stack(0x0000003b71700000,0x0000003b71800000) (1024K)]
  0x0000017170f39770 WorkerThread "GC Thread#3"                     [id=8, stack(0x0000003b71800000,0x0000003b71900000) (1024K)]
  0x00000171705e0480 WorkerThread "GC Thread#4"                     [id=21664, stack(0x0000003b71900000,0x0000003b71a00000) (1024K)]
  0x00000171705e0830 WorkerThread "GC Thread#5"                     [id=1944, stack(0x0000003b71a00000,0x0000003b71b00000) (1024K)]
  0x00000171705e0be0 WorkerThread "GC Thread#6"                     [id=28340, stack(0x0000003b71b00000,0x0000003b71c00000) (1024K)]
  0x00000171751af4e0 WorkerThread "GC Thread#7"                     [id=18080, stack(0x0000003b72400000,0x0000003b72500000) (1024K)]
Total: 10

Threads with active compile tasks:
Total: 0

VM state: not at safepoint (normal execution)

VM Mutex/Monitor currently owned by a thread: None

Heap address: 0x0000000080000000, size: 2048 MB, Compressed Oops mode: 32-bit

CDS archive(s) mapped at: [0x000001712e000000-0x000001712eba0000-0x000001712eba0000), size 12189696, SharedBaseAddress: 0x000001712e000000, ArchiveRelocationMode: 1.
Compressed class space mapped at: 0x000001712f000000-0x000001716f000000, reserved size: 1073741824
Narrow klass base: 0x000001712e000000, Narrow klass shift: 0, Narrow klass range: 0x100000000

GC Precious Log:
 CardTable entry size: 512
 CPUs: 8 total, 8 available
 Memory: 7930M
 Large Page Support: Disabled
 NUMA Support: Disabled
 Compressed Oops: Enabled (32-bit)
 Alignments: Space 512K, Generation 512K, Heap 2M
 Heap Min Capacity: 100M
 Heap Initial Capacity: 100M
 Heap Max Capacity: 2G
 Pre-touch: Disabled
 Parallel Workers: 8

Heap:
 PSYoungGen      total 19456K, used 9102K [0x00000000d5580000, 0x00000000d7680000, 0x0000000100000000)
  eden space 16896K, 41% used [0x00000000d5580000,0x00000000d5c61760,0x00000000d6600000)
  from space 2560K, 80% used [0x00000000d6780000,0x00000000d6982480,0x00000000d6a00000)
  to   space 6144K, 0% used [0x00000000d7080000,0x00000000d7080000,0x00000000d7680000)
 ParOldGen       total 568320K, used 567439K [0x0000000080000000, 0x00000000a2b00000, 0x00000000d5580000)
  object space 568320K, 99% used [0x0000000080000000,0x00000000a2a23d10,0x00000000a2b00000)
 Metaspace       used 112081K, committed 114176K, reserved 1179648K
  class space    used 10930K, committed 11904K, reserved 1048576K

Card table byte_map: [0x00000171169b0000,0x0000017116dc0000] _byte_map_base: 0x00000171165b0000

Marking Bits: (ParMarkBitMap*) 0x00007ffb04564460
 Begin Bits: [0x00000171294c0000, 0x000001712b4c0000)
 End Bits:   [0x000001712b4c0000, 0x000001712d4c0000)

Polling page: 0x0000017114e50000

Metaspace:

Usage:
  Non-class:     98.78 MB used.
      Class:     10.67 MB used.
       Both:    109.45 MB used.

Virtual space:
  Non-class space:      128.00 MB reserved,      99.88 MB ( 78%) committed,  2 nodes.
      Class space:        1.00 GB reserved,      11.62 MB (  1%) committed,  1 nodes.
             Both:        1.12 GB reserved,     111.50 MB ( 10%) committed. 

Chunk freelists:
   Non-Class:  12.16 MB
       Class:  4.41 MB
        Both:  16.57 MB

MaxMetaspaceSize: unlimited
CompressedClassSpaceSize: 1.00 GB
Initial GC threshold: 21.00 MB
Current GC threshold: 185.62 MB
CDS: on
 - commit_granule_bytes: 65536.
 - commit_granule_words: 8192.
 - virtual_space_node_default_size: 8388608.
 - enlarge_chunks_in_place: 1.
 - use_allocation_guard: 0.


Internal statistics:

num_allocs_failed_limit: 9.
num_arena_births: 3410.
num_arena_deaths: 1386.
num_vsnodes_births: 3.
num_vsnodes_deaths: 0.
num_space_committed: 1790.
num_space_uncommitted: 6.
num_chunks_returned_to_freelist: 1873.
num_chunks_taken_from_freelist: 10127.
num_chunk_merges: 472.
num_chunk_splits: 5306.
num_chunks_enlarged: 2630.
num_inconsistent_stats: 0.

CodeHeap 'non-profiled nmethods': size=120000Kb used=25092Kb max_used=28968Kb free=94907Kb
 bounds [0x0000017121ce0000, 0x0000017123950000, 0x0000017129210000]
CodeHeap 'profiled nmethods': size=120000Kb used=35897Kb max_used=53629Kb free=84102Kb
 bounds [0x000001711a210000, 0x000001711d6e0000, 0x0000017121740000]
CodeHeap 'non-nmethods': size=5760Kb used=1572Kb max_used=1651Kb free=4187Kb
 bounds [0x0000017121740000, 0x00000171219b0000, 0x0000017121ce0000]
CodeCache: size=245760Kb, used=62561Kb, max_used=84248Kb, free=183196Kb
 total_blobs=16289, nmethods=15405, adapters=782, full_count=0
Compilation: enabled, stopped_count=0, restarted_count=0

Compilation events (20 events):
Event: 867178.086 Thread 0x0000017116f9bda0 41351       3       org.eclipse.jdt.internal.compiler.ast.OR_OR_Expression::resolveType (49 bytes)
Event: 867178.117 Thread 0x0000017116f9bda0 nmethod 41351 0x000001711a694b90 code [0x000001711a694d80, 0x000001711a695270]
Event: 867178.117 Thread 0x0000017116f9bda0 41354       3       org.eclipse.jdt.internal.compiler.codegen.CodeStream::load (398 bytes)
Event: 867178.127 Thread 0x0000017116f9bda0 nmethod 41354 0x000001711ab98c10 code [0x000001711ab99060, 0x000001711ab9ac70]
Event: 867178.127 Thread 0x0000017116f9bda0 41356       3       org.eclipse.jdt.internal.compiler.ClassFile::initializeLocals (189 bytes)
Event: 867178.128 Thread 0x0000017116f9bda0 nmethod 41356 0x000001711ab11690 code [0x000001711ab118a0, 0x000001711ab12190]
Event: 867178.128 Thread 0x0000017116f9bda0 41355       3       org.eclipse.jdt.internal.compiler.codegen.CodeStream::ifnull (92 bytes)
Event: 867178.130 Thread 0x0000017116f9bda0 nmethod 41355 0x000001711b076d10 code [0x000001711b076f00, 0x000001711b077340]
Event: 867178.130 Thread 0x0000017116f9bda0 41352       3       org.eclipse.jdt.internal.compiler.ast.OR_OR_Expression::bindingsWhenFalse (40 bytes)
Event: 867178.131 Thread 0x0000017116f9bda0 nmethod 41352 0x000001711b068510 code [0x000001711b068700, 0x000001711b068ab8]
Event: 867178.131 Thread 0x0000017116f9bda0 41353       3       org.eclipse.jdt.internal.compiler.ast.AND_AND_Expression::bindingsWhenTrue (40 bytes)
Event: 867178.132 Thread 0x0000017116f9bda0 nmethod 41353 0x000001711b1ae910 code [0x000001711b1aeb00, 0x000001711b1aeeb8]
Event: 867476.609 Thread 0x0000017116f9bda0 41357   !   3       com.sun.org.apache.xml.internal.serializer.ToStream::setProp (685 bytes)
Event: 867476.674 Thread 0x0000017116f9bda0 nmethod 41357 0x000001711b2a3410 code [0x000001711b2a3a00, 0x000001711b2a6c48]
Event: 867476.675 Thread 0x0000017116f9bda0 41358       3       com.sun.org.apache.xml.internal.serializer.SerializerBase::getFirstCharLocName (30 bytes)
Event: 867476.678 Thread 0x0000017116f9bda0 nmethod 41358 0x000001711a359090 code [0x000001711a359300, 0x000001711a359dd0]
Event: 867477.121 Thread 0x0000017116f9bda0 41359       3       org.eclipse.jdt.internal.compiler.DefaultCompilerFactory::newCompiler (21 bytes)
Event: 867477.139 Thread 0x0000017116f9bda0 nmethod 41359 0x000001711aa0d090 code [0x000001711aa0d240, 0x000001711aa0d438]
Event: 867477.139 Thread 0x0000017116f9bda0 41360       3       org.eclipse.jdt.internal.core.builder.AbstractImageBuilder::initializeAnnotationProcessorManager (73 bytes)
Event: 867477.176 Thread 0x0000017116f9bda0 nmethod 41360 0x000001711a4b4090 code [0x000001711a4b42a0, 0x000001711a4b4928]

GC Heap History (20 events):
Event: 867161.393 GC heap before
{Heap before GC invocations=12367 (full 18):
 PSYoungGen      total 25088K, used 20742K [0x00000000d5580000, 0x00000000d7580000, 0x0000000100000000)
  eden space 17920K, 99% used [0x00000000d5580000,0x00000000d66ee4a0,0x00000000d6700000)
  from space 7168K, 40% used [0x00000000d6980000,0x00000000d6c536b0,0x00000000d7080000)
  to   space 3584K, 0% used [0x00000000d7200000,0x00000000d7200000,0x00000000d7580000)
 ParOldGen       total 529408K, used 529075K [0x0000000080000000, 0x00000000a0500000, 0x00000000d5580000)
  object space 529408K, 99% used [0x0000000080000000,0x00000000a04acf18,0x00000000a0500000)
 Metaspace       used 112063K, committed 114176K, reserved 1179648K
  class space    used 10928K, committed 11904K, reserved 1048576K
}
Event: 867161.403 GC heap after
{Heap after GC invocations=12367 (full 18):
 PSYoungGen      total 20992K, used 2292K [0x00000000d5580000, 0x00000000d7480000, 0x0000000100000000)
  eden space 18432K, 0% used [0x00000000d5580000,0x00000000d5580000,0x00000000d6780000)
  from space 2560K, 89% used [0x00000000d7200000,0x00000000d743d2a0,0x00000000d7480000)
  to   space 3072K, 0% used [0x00000000d6e80000,0x00000000d6e80000,0x00000000d7180000)
 ParOldGen       total 529408K, used 529075K [0x0000000080000000, 0x00000000a0500000, 0x00000000d5580000)
  object space 529408K, 99% used [0x0000000080000000,0x00000000a04acf18,0x00000000a0500000)
 Metaspace       used 112063K, committed 114176K, reserved 1179648K
  class space    used 10928K, committed 11904K, reserved 1048576K
}
Event: 867164.907 GC heap before
{Heap before GC invocations=12368 (full 18):
 PSYoungGen      total 20992K, used 20281K [0x00000000d5580000, 0x00000000d7480000, 0x0000000100000000)
  eden space 18432K, 97% used [0x00000000d5580000,0x00000000d67113c8,0x00000000d6780000)
  from space 2560K, 89% used [0x00000000d7200000,0x00000000d743d2a0,0x00000000d7480000)
  to   space 3072K, 0% used [0x00000000d6e80000,0x00000000d6e80000,0x00000000d7180000)
 ParOldGen       total 529408K, used 529075K [0x0000000080000000, 0x00000000a0500000, 0x00000000d5580000)
  object space 529408K, 99% used [0x0000000080000000,0x00000000a04acf18,0x00000000a0500000)
 Metaspace       used 112063K, committed 114176K, reserved 1179648K
  class space    used 10928K, committed 11904K, reserved 1048576K
}
Event: 867164.914 GC heap after
{Heap after GC invocations=12368 (full 18):
 PSYoungGen      total 21504K, used 2330K [0x00000000d5580000, 0x00000000d7280000, 0x0000000100000000)
  eden space 18944K, 0% used [0x00000000d5580000,0x00000000d5580000,0x00000000d6800000)
  from space 2560K, 91% used [0x00000000d6e80000,0x00000000d70c69a0,0x00000000d7100000)
  to   space 1536K, 0% used [0x00000000d7100000,0x00000000d7100000,0x00000000d7280000)
 ParOldGen       total 529408K, used 529075K [0x0000000080000000, 0x00000000a0500000, 0x00000000d5580000)
  object space 529408K, 99% used [0x0000000080000000,0x00000000a04acf18,0x00000000a0500000)
 Metaspace       used 112063K, committed 114176K, reserved 1179648K
  class space    used 10928K, committed 11904K, reserved 1048576K
}
Event: 867165.782 GC heap before
{Heap before GC invocations=12369 (full 18):
 PSYoungGen      total 21504K, used 20157K [0x00000000d5580000, 0x00000000d7280000, 0x0000000100000000)
  eden space 18944K, 94% used [0x00000000d5580000,0x00000000d66e8de0,0x00000000d6800000)
  from space 2560K, 91% used [0x00000000d6e80000,0x00000000d70c69a0,0x00000000d7100000)
  to   space 1536K, 0% used [0x00000000d7100000,0x00000000d7100000,0x00000000d7280000)
 ParOldGen       total 529408K, used 529075K [0x0000000080000000, 0x00000000a0500000, 0x00000000d5580000)
  object space 529408K, 99% used [0x0000000080000000,0x00000000a04acf18,0x00000000a0500000)
 Metaspace       used 112063K, committed 114176K, reserved 1179648K
  class space    used 10928K, committed 11904K, reserved 1048576K
}
Event: 867165.786 GC heap after
{Heap after GC invocations=12369 (full 18):
 PSYoungGen      total 20992K, used 1530K [0x00000000d5580000, 0x00000000d7280000, 0x0000000100000000)
  eden space 19456K, 0% used [0x00000000d5580000,0x00000000d5580000,0x00000000d6880000)
  from space 1536K, 99% used [0x00000000d7100000,0x00000000d727e9a0,0x00000000d7280000)
  to   space 2560K, 0% used [0x00000000d6d80000,0x00000000d6d80000,0x00000000d7000000)
 ParOldGen       total 529920K, used 529742K [0x0000000080000000, 0x00000000a0580000, 0x00000000d5580000)
  object space 529920K, 99% used [0x0000000080000000,0x00000000a0553828,0x00000000a0580000)
 Metaspace       used 112063K, committed 114176K, reserved 1179648K
  class space    used 10928K, committed 11904K, reserved 1048576K
}
Event: 867167.526 GC heap before
{Heap before GC invocations=12370 (full 18):
 PSYoungGen      total 20992K, used 20982K [0x00000000d5580000, 0x00000000d7280000, 0x0000000100000000)
  eden space 19456K, 99% used [0x00000000d5580000,0x00000000d687f0f8,0x00000000d6880000)
  from space 1536K, 99% used [0x00000000d7100000,0x00000000d727e9a0,0x00000000d7280000)
  to   space 2560K, 0% used [0x00000000d6d80000,0x00000000d6d80000,0x00000000d7000000)
 ParOldGen       total 529920K, used 529742K [0x0000000080000000, 0x00000000a0580000, 0x00000000d5580000)
  object space 529920K, 99% used [0x0000000080000000,0x00000000a0553828,0x00000000a0580000)
 Metaspace       used 112063K, committed 114176K, reserved 1179648K
  class space    used 10928K, committed 11904K, reserved 1048576K
}
Event: 867167.531 GC heap after
{Heap after GC invocations=12370 (full 18):
 PSYoungGen      total 22528K, used 2553K [0x00000000d5580000, 0x00000000d7180000, 0x0000000100000000)
  eden space 19968K, 0% used [0x00000000d5580000,0x00000000d5580000,0x00000000d6900000)
  from space 2560K, 99% used [0x00000000d6d80000,0x00000000d6ffe428,0x00000000d7000000)
  to   space 1536K, 0% used [0x00000000d7000000,0x00000000d7000000,0x00000000d7180000)
 ParOldGen       total 530944K, used 530575K [0x0000000080000000, 0x00000000a0680000, 0x00000000d5580000)
  object space 530944K, 99% used [0x0000000080000000,0x00000000a0623c68,0x00000000a0680000)
 Metaspace       used 112063K, committed 114176K, reserved 1179648K
  class space    used 10928K, committed 11904K, reserved 1048576K
}
Event: 867171.240 GC heap before
{Heap before GC invocations=12371 (full 18):
 PSYoungGen      total 22528K, used 22472K [0x00000000d5580000, 0x00000000d7180000, 0x0000000100000000)
  eden space 19968K, 99% used [0x00000000d5580000,0x00000000d68f3e80,0x00000000d6900000)
  from space 2560K, 99% used [0x00000000d6d80000,0x00000000d6ffe428,0x00000000d7000000)
  to   space 1536K, 0% used [0x00000000d7000000,0x00000000d7000000,0x00000000d7180000)
 ParOldGen       total 530944K, used 530575K [0x0000000080000000, 0x00000000a0680000, 0x00000000d5580000)
  object space 530944K, 99% used [0x0000000080000000,0x00000000a0623c68,0x00000000a0680000)
 Metaspace       used 112066K, committed 114176K, reserved 1179648K
  class space    used 10929K, committed 11904K, reserved 1048576K
}
Event: 867171.245 GC heap after
{Heap after GC invocations=12371 (full 18):
 PSYoungGen      total 22016K, used 1520K [0x00000000d5580000, 0x00000000d7180000, 0x0000000100000000)
  eden space 20480K, 0% used [0x00000000d5580000,0x00000000d5580000,0x00000000d6980000)
  from space 1536K, 99% used [0x00000000d7000000,0x00000000d717c3a0,0x00000000d7180000)
  to   space 4096K, 0% used [0x00000000d6980000,0x00000000d6980000,0x00000000d6d80000)
 ParOldGen       total 532992K, used 532964K [0x0000000080000000, 0x00000000a0880000, 0x00000000d5580000)
  object space 532992K, 99% used [0x0000000080000000,0x00000000a0879370,0x00000000a0880000)
 Metaspace       used 112066K, committed 114176K, reserved 1179648K
  class space    used 10929K, committed 11904K, reserved 1048576K
}
Event: 867173.368 GC heap before
{Heap before GC invocations=12372 (full 18):
 PSYoungGen      total 22016K, used 21920K [0x00000000d5580000, 0x00000000d7180000, 0x0000000100000000)
  eden space 20480K, 99% used [0x00000000d5580000,0x00000000d696bce8,0x00000000d6980000)
  from space 1536K, 99% used [0x00000000d7000000,0x00000000d717c3a0,0x00000000d7180000)
  to   space 4096K, 0% used [0x00000000d6980000,0x00000000d6980000,0x00000000d6d80000)
 ParOldGen       total 532992K, used 532964K [0x0000000080000000, 0x00000000a0880000, 0x00000000d5580000)
  object space 532992K, 99% used [0x0000000080000000,0x00000000a0879370,0x00000000a0880000)
 Metaspace       used 112066K, committed 114176K, reserved 1179648K
  class space    used 10929K, committed 11904K, reserved 1048576K
}
Event: 867173.371 GC heap after
{Heap after GC invocations=12372 (full 18):
 PSYoungGen      total 24576K, used 2755K [0x00000000d5580000, 0x00000000d7100000, 0x0000000100000000)
  eden space 20480K, 0% used [0x00000000d5580000,0x00000000d5580000,0x00000000d6980000)
  from space 4096K, 67% used [0x00000000d6980000,0x00000000d6c30d58,0x00000000d6d80000)
  to   space 3584K, 0% used [0x00000000d6d80000,0x00000000d6d80000,0x00000000d7100000)
 ParOldGen       total 533504K, used 533175K [0x0000000080000000, 0x00000000a0900000, 0x00000000d5580000)
  object space 533504K, 99% used [0x0000000080000000,0x00000000a08adc70,0x00000000a0900000)
 Metaspace       used 112066K, committed 114176K, reserved 1179648K
  class space    used 10929K, committed 11904K, reserved 1048576K
}
Event: 867176.600 GC heap before
{Heap before GC invocations=12373 (full 18):
 PSYoungGen      total 24576K, used 23235K [0x00000000d5580000, 0x00000000d7100000, 0x0000000100000000)
  eden space 20480K, 100% used [0x00000000d5580000,0x00000000d6980000,0x00000000d6980000)
  from space 4096K, 67% used [0x00000000d6980000,0x00000000d6c30d58,0x00000000d6d80000)
  to   space 3584K, 0% used [0x00000000d6d80000,0x00000000d6d80000,0x00000000d7100000)
 ParOldGen       total 533504K, used 533175K [0x0000000080000000, 0x00000000a0900000, 0x00000000d5580000)
  object space 533504K, 99% used [0x0000000080000000,0x00000000a08adc70,0x00000000a0900000)
 Metaspace       used 112066K, committed 114176K, reserved 1179648K
  class space    used 10929K, committed 11904K, reserved 1048576K
}
Event: 867176.621 GC heap after
{Heap after GC invocations=12373 (full 18):
 PSYoungGen      total 18432K, used 3562K [0x00000000d5580000, 0x00000000d7d00000, 0x0000000100000000)
  eden space 14848K, 0% used [0x00000000d5580000,0x00000000d5580000,0x00000000d6400000)
  from space 3584K, 99% used [0x00000000d6d80000,0x00000000d70fa8a0,0x00000000d7100000)
  to   space 9728K, 0% used [0x00000000d6400000,0x00000000d6400000,0x00000000d6d80000)
 ParOldGen       total 538624K, used 538295K [0x0000000080000000, 0x00000000a0e00000, 0x00000000d5580000)
  object space 538624K, 99% used [0x0000000080000000,0x00000000a0dadc80,0x00000000a0e00000)
 Metaspace       used 112066K, committed 114176K, reserved 1179648K
  class space    used 10929K, committed 11904K, reserved 1048576K
}
Event: 867176.756 GC heap before
{Heap before GC invocations=12374 (full 18):
 PSYoungGen      total 18432K, used 18400K [0x00000000d5580000, 0x00000000d7d00000, 0x0000000100000000)
  eden space 14848K, 99% used [0x00000000d5580000,0x00000000d63fdab8,0x00000000d6400000)
  from space 3584K, 99% used [0x00000000d6d80000,0x00000000d70fa8a0,0x00000000d7100000)
  to   space 9728K, 0% used [0x00000000d6400000,0x00000000d6400000,0x00000000d6d80000)
 ParOldGen       total 538624K, used 538295K [0x0000000080000000, 0x00000000a0e00000, 0x00000000d5580000)
  object space 538624K, 99% used [0x0000000080000000,0x00000000a0dadc80,0x00000000a0e00000)
 Metaspace       used 112068K, committed 114176K, reserved 1179648K
  class space    used 10930K, committed 11904K, reserved 1048576K
}
Event: 867176.778 GC heap after
{Heap after GC invocations=12374 (full 18):
 PSYoungGen      total 24576K, used 9702K [0x00000000d5580000, 0x00000000d8700000, 0x0000000100000000)
  eden space 14848K, 0% used [0x00000000d5580000,0x00000000d5580000,0x00000000d6400000)
  from space 9728K, 99% used [0x00000000d6400000,0x00000000d6d79b80,0x00000000d6d80000)
  to   space 17408K, 0% used [0x00000000d7600000,0x00000000d7600000,0x00000000d8700000)
 ParOldGen       total 544768K, used 544351K [0x0000000080000000, 0x00000000a1400000, 0x00000000d5580000)
  object space 544768K, 99% used [0x0000000080000000,0x00000000a1397ce0,0x00000000a1400000)
 Metaspace       used 112068K, committed 114176K, reserved 1179648K
  class space    used 10930K, committed 11904K, reserved 1048576K
}
Event: 867176.915 GC heap before
{Heap before GC invocations=12375 (full 18):
 PSYoungGen      total 24576K, used 24550K [0x00000000d5580000, 0x00000000d8700000, 0x0000000100000000)
  eden space 14848K, 100% used [0x00000000d5580000,0x00000000d6400000,0x00000000d6400000)
  from space 9728K, 99% used [0x00000000d6400000,0x00000000d6d79b80,0x00000000d6d80000)
  to   space 17408K, 0% used [0x00000000d7600000,0x00000000d7600000,0x00000000d8700000)
 ParOldGen       total 544768K, used 544351K [0x0000000080000000, 0x00000000a1400000, 0x00000000d5580000)
  object space 544768K, 99% used [0x0000000080000000,0x00000000a1397ce0,0x00000000a1400000)
 Metaspace       used 112068K, committed 114176K, reserved 1179648K
  class space    used 10930K, committed 11904K, reserved 1048576K
}
Event: 867176.930 GC heap after
{Heap after GC invocations=12375 (full 18):
 PSYoungGen      total 28672K, used 12345K [0x00000000d5580000, 0x00000000d8280000, 0x0000000100000000)
  eden space 15872K, 0% used [0x00000000d5580000,0x00000000d5580000,0x00000000d6500000)
  from space 12800K, 96% used [0x00000000d7600000,0x00000000d820e478,0x00000000d8280000)
  to   space 13824K, 0% used [0x00000000d6780000,0x00000000d6780000,0x00000000d7500000)
 ParOldGen       total 544768K, used 544391K [0x0000000080000000, 0x00000000a1400000, 0x00000000d5580000)
  object space 544768K, 99% used [0x0000000080000000,0x00000000a13a1cf0,0x00000000a1400000)
 Metaspace       used 112068K, committed 114176K, reserved 1179648K
  class space    used 10930K, committed 11904K, reserved 1048576K
}
Event: 867178.060 GC heap before
{Heap before GC invocations=12376 (full 18):
 PSYoungGen      total 28672K, used 28217K [0x00000000d5580000, 0x00000000d8280000, 0x0000000100000000)
  eden space 15872K, 100% used [0x00000000d5580000,0x00000000d6500000,0x00000000d6500000)
  from space 12800K, 96% used [0x00000000d7600000,0x00000000d820e478,0x00000000d8280000)
  to   space 13824K, 0% used [0x00000000d6780000,0x00000000d6780000,0x00000000d7500000)
 ParOldGen       total 568320K, used 567431K [0x0000000080000000, 0x00000000a2b00000, 0x00000000d5580000)
  object space 568320K, 99% used [0x0000000080000000,0x00000000a2a21d10,0x00000000a2b00000)
 Metaspace       used 112071K, committed 114176K, reserved 1179648K
  class space    used 10930K, committed 11904K, reserved 1048576K
}
Event: 867178.072 GC heap after
{Heap after GC invocations=12376 (full 18):
 PSYoungGen      total 19456K, used 2057K [0x00000000d5580000, 0x00000000d7680000, 0x0000000100000000)
  eden space 16896K, 0% used [0x00000000d5580000,0x00000000d5580000,0x00000000d6600000)
  from space 2560K, 80% used [0x00000000d6780000,0x00000000d6982480,0x00000000d6a00000)
  to   space 6144K, 0% used [0x00000000d7080000,0x00000000d7080000,0x00000000d7680000)
 ParOldGen       total 568320K, used 567439K [0x0000000080000000, 0x00000000a2b00000, 0x00000000d5580000)
  object space 568320K, 99% used [0x0000000080000000,0x00000000a2a23d10,0x00000000a2b00000)
 Metaspace       used 112071K, committed 114176K, reserved 1179648K
  class space    used 10930K, committed 11904K, reserved 1048576K
}

Dll operation events (14 events):
Event: 0.018 Loaded shared library c:\Users\91706\.vscode\extensions\redhat.java-1.55.0-win32-x64\jre\21.0.11-win32-x86_64\bin\java.dll
Event: 0.123 Loaded shared library c:\Users\91706\.vscode\extensions\redhat.java-1.55.0-win32-x64\jre\21.0.11-win32-x86_64\bin\zip.dll
Event: 0.149 Loaded shared library C:\Users\91706\.vscode\extensions\redhat.java-1.55.0-win32-x64\jre\21.0.11-win32-x86_64\bin\instrument.dll
Event: 0.156 Loaded shared library C:\Users\91706\.vscode\extensions\redhat.java-1.55.0-win32-x64\jre\21.0.11-win32-x86_64\bin\net.dll
Event: 0.159 Loaded shared library C:\Users\91706\.vscode\extensions\redhat.java-1.55.0-win32-x64\jre\21.0.11-win32-x86_64\bin\nio.dll
Event: 0.163 Loaded shared library C:\Users\91706\.vscode\extensions\redhat.java-1.55.0-win32-x64\jre\21.0.11-win32-x86_64\bin\zip.dll
Event: 0.189 Loaded shared library C:\Users\91706\.vscode\extensions\redhat.java-1.55.0-win32-x64\jre\21.0.11-win32-x86_64\bin\jimage.dll
Event: 0.320 Loaded shared library c:\Users\91706\.vscode\extensions\redhat.java-1.55.0-win32-x64\jre\21.0.11-win32-x86_64\bin\verify.dll
Event: 5.945 Loaded shared library C:\Users\91706\AppData\Roaming\Code\User\globalStorage\redhat.java\1.55.0\config_win\org.eclipse.equinox.launcher\org.eclipse.equinox.launcher.win32.win32.x86_64_1.3.100.v20260613-0559\eclipse_11924.dll
Event: 13.776 Loaded shared library C:\Users\91706\.vscode\extensions\redhat.java-1.55.0-win32-x64\jre\21.0.11-win32-x86_64\bin\management.dll
Event: 13.782 Loaded shared library C:\Users\91706\.vscode\extensions\redhat.java-1.55.0-win32-x64\jre\21.0.11-win32-x86_64\bin\management_ext.dll
Event: 16.811 Loaded shared library C:\Users\91706\AppData\Local\Temp\jna-54154853\jna16506123775153579896.dll
Event: 17.289 Loaded shared library C:\Users\91706\.vscode\extensions\redhat.java-1.55.0-win32-x64\jre\21.0.11-win32-x86_64\bin\sunmscapi.dll
Event: 18.242 Loaded shared library C:\Users\91706\.vscode\extensions\redhat.java-1.55.0-win32-x64\jre\21.0.11-win32-x86_64\bin\extnet.dll

Deoptimization events (20 events):
Event: 867171.206 Thread 0x00000171756d57a0 Uncommon trap: trap_request=0xffffff45 fr.pc=0x0000017123749924 relative=0x00000000000013e4
Event: 867171.206 Thread 0x00000171756d57a0 Uncommon trap: reason=unstable_if action=reinterpret pc=0x0000017123749924 method=org.eclipse.jdt.internal.compiler.codegen.ConstantPool.literalIndexForNameAndType([C[C)I @ 131 c2
Event: 867171.206 Thread 0x00000171756d57a0 DEOPT PACKING pc=0x0000017123749924 sp=0x0000003b71ffde40
Event: 867171.207 Thread 0x00000171756d57a0 DEOPT UNPACKING pc=0x0000017121796da2 sp=0x0000003b71ffde08 mode 2
Event: 867171.211 Thread 0x00000171756d57a0 Uncommon trap: trap_request=0xffffff45 fr.pc=0x00000171220af4c0 relative=0x00000000000007c0
Event: 867171.211 Thread 0x00000171756d57a0 Uncommon trap: reason=unstable_if action=reinterpret pc=0x00000171220af4c0 method=org.eclipse.jdt.internal.compiler.codegen.CodeStream.aload(I)V @ 23 c2
Event: 867171.212 Thread 0x00000171756d57a0 DEOPT PACKING pc=0x00000171220af4c0 sp=0x0000003b71ffdda0
Event: 867171.212 Thread 0x00000171756d57a0 DEOPT UNPACKING pc=0x0000017121796da2 sp=0x0000003b71ffdd28 mode 2
Event: 867171.214 Thread 0x00000171756d57a0 Uncommon trap: trap_request=0xffffff76 fr.pc=0x00000171227a69b4 relative=0x0000000000000cf4
Event: 867171.216 Thread 0x00000171756d57a0 Uncommon trap: reason=predicate action=maybe_recompile pc=0x00000171227a69b4 method=org.eclipse.jdt.internal.compiler.ClassFile.generateLineNumberAttribute()I @ 205 c2
Event: 867171.216 Thread 0x00000171756d57a0 DEOPT PACKING pc=0x00000171227a69b4 sp=0x0000003b71ffe3a0
Event: 867171.216 Thread 0x00000171756d57a0 DEOPT UNPACKING pc=0x0000017121796da2 sp=0x0000003b71ffe230 mode 2
Event: 867171.225 Thread 0x00000171756d57a0 Uncommon trap: trap_request=0xffffff45 fr.pc=0x00000171230571cc relative=0x00000000000000ac
Event: 867171.225 Thread 0x00000171756d57a0 Uncommon trap: reason=unstable_if action=reinterpret pc=0x00000171230571cc method=org.eclipse.jdt.internal.compiler.codegen.VerificationTypeInfo.<init>(Lorg/eclipse/jdt/internal/compiler/lookup/TypeBinding;)V @ 26 c2
Event: 867171.225 Thread 0x00000171756d57a0 DEOPT PACKING pc=0x00000171230571cc sp=0x0000003b71ffdf20
Event: 867171.225 Thread 0x00000171756d57a0 DEOPT UNPACKING pc=0x0000017121796da2 sp=0x0000003b71ffdec0 mode 2
Event: 867171.644 Thread 0x000001717c5cbc80 Uncommon trap: trap_request=0xffffff76 fr.pc=0x0000017121e6af9c relative=0x000000000000053c
Event: 867171.644 Thread 0x000001717c5cbc80 Uncommon trap: reason=predicate action=maybe_recompile pc=0x0000017121e6af9c method=org.eclipse.jdt.internal.compiler.ClassFile.generateLineNumberAttribute()I @ 205 c2
Event: 867171.644 Thread 0x000001717c5cbc80 DEOPT PACKING pc=0x0000017121e6af9c sp=0x0000003b72dfe330
Event: 867171.645 Thread 0x000001717c5cbc80 DEOPT UNPACKING pc=0x0000017121796da2 sp=0x0000003b72dfe298 mode 2

Classes loaded (20 events):
Event: 773311.426 Loading class jdk/internal/module/IllegalAccessLogger
Event: 773311.426 Loading class jdk/internal/module/IllegalAccessLogger done
Event: 773353.745 Loading class jdk/internal/module/IllegalAccessLogger
Event: 773353.747 Loading class jdk/internal/module/IllegalAccessLogger done
Event: 773367.001 Loading class jdk/internal/module/IllegalAccessLogger
Event: 773367.002 Loading class jdk/internal/module/IllegalAccessLogger done
Event: 773571.690 Loading class jdk/internal/module/IllegalAccessLogger
Event: 773571.693 Loading class jdk/internal/module/IllegalAccessLogger done
Event: 775029.393 Loading class jdk/internal/module/IllegalAccessLogger
Event: 775029.395 Loading class jdk/internal/module/IllegalAccessLogger done
Event: 775043.624 Loading class jdk/internal/module/IllegalAccessLogger
Event: 775043.624 Loading class jdk/internal/module/IllegalAccessLogger done
Event: 866478.711 Loading class jdk/internal/module/IllegalAccessLogger
Event: 866478.716 Loading class jdk/internal/module/IllegalAccessLogger done
Event: 866630.312 Loading class jdk/internal/module/IllegalAccessLogger
Event: 866630.317 Loading class jdk/internal/module/IllegalAccessLogger done
Event: 866829.065 Loading class jdk/internal/module/IllegalAccessLogger
Event: 866829.075 Loading class jdk/internal/module/IllegalAccessLogger done
Event: 867176.848 Loading class jdk/internal/module/IllegalAccessLogger
Event: 867176.851 Loading class jdk/internal/module/IllegalAccessLogger done

Classes unloaded (20 events):
Event: 772701.311 Thread 0x00000171170cda80 Unloading class 0x000001712fb67c00 'jdk/internal/reflect/GeneratedSerializationConstructorAccessor174'
Event: 772701.311 Thread 0x00000171170cda80 Unloading class 0x000001712f006800 'jdk/internal/reflect/GeneratedSerializationConstructorAccessor173'
Event: 772701.311 Thread 0x00000171170cda80 Unloading class 0x000001712faedc00 'jdk/internal/reflect/GeneratedSerializationConstructorAccessor172'
Event: 772701.311 Thread 0x00000171170cda80 Unloading class 0x000001712fa7cc00 'jdk/internal/reflect/GeneratedSerializationConstructorAccessor171'
Event: 772701.311 Thread 0x00000171170cda80 Unloading class 0x000001712f6b4400 'jdk/internal/reflect/GeneratedSerializationConstructorAccessor170'
Event: 772701.311 Thread 0x00000171170cda80 Unloading class 0x000001712f79e000 'jdk/internal/reflect/GeneratedSerializationConstructorAccessor169'
Event: 772701.312 Thread 0x00000171170cda80 Unloading class 0x000001712f7bc800 'jdk/internal/reflect/GeneratedSerializationConstructorAccessor168'
Event: 772701.312 Thread 0x00000171170cda80 Unloading class 0x000001712f7c1000 'jdk/internal/reflect/GeneratedSerializationConstructorAccessor167'
Event: 772701.312 Thread 0x00000171170cda80 Unloading class 0x000001712f9d4000 'jdk/internal/reflect/GeneratedSerializationConstructorAccessor166'
Event: 772701.312 Thread 0x00000171170cda80 Unloading class 0x000001712f978400 'java/lang/invoke/LambdaForm$MH+0x000001712f978400'
Event: 772701.312 Thread 0x00000171170cda80 Unloading class 0x000001712f908000 'jdk/internal/reflect/GeneratedSerializationConstructorAccessor165'
Event: 772701.312 Thread 0x00000171170cda80 Unloading class 0x000001712f8ca000 'jdk/internal/reflect/GeneratedSerializationConstructorAccessor164'
Event: 772701.312 Thread 0x00000171170cda80 Unloading class 0x000001712f8c9000 'jdk/internal/reflect/GeneratedSerializationConstructorAccessor163'
Event: 772701.312 Thread 0x00000171170cda80 Unloading class 0x000001712fa7f400 'java/lang/invoke/LambdaForm$MH+0x000001712fa7f400'
Event: 772701.312 Thread 0x00000171170cda80 Unloading class 0x000001712f7bd000 'java/lang/invoke/LambdaForm$MH+0x000001712f7bd000'
Event: 772701.312 Thread 0x00000171170cda80 Unloading class 0x000001712faa2c00 'java/lang/invoke/LambdaForm$MH+0x000001712faa2c00'
Event: 772701.313 Thread 0x00000171170cda80 Unloading class 0x000001712fb40800 'java/lang/invoke/LambdaForm$MH+0x000001712fb40800'
Event: 772701.313 Thread 0x00000171170cda80 Unloading class 0x000001712fb42400 'java/lang/invoke/LambdaForm$MH+0x000001712fb42400'
Event: 772701.313 Thread 0x00000171170cda80 Unloading class 0x000001712fb55400 'java/lang/invoke/LambdaForm$MH+0x000001712fb55400'
Event: 772701.313 Thread 0x00000171170cda80 Unloading class 0x000001712fb69400 'java/lang/invoke/LambdaForm$MH+0x000001712fb69400'

Classes redefined (0 events):
No events

Internal exceptions (20 events):
Event: 775029.490 Thread 0x0000017175712ab0 Exception <a 'sun/nio/fs/WindowsException'{0x00000000d567bfe0}> (0x00000000d567bfe0) 
thrown [s\src\hotspot\share\prims\jni.cpp, line 520]
Event: 775029.570 Thread 0x000001717c5cbc80 Implicit null exception at 0x0000017122184753 to 0x000001712218828c
Event: 775043.389 Thread 0x0000017175712ab0 Exception <a 'sun/nio/fs/WindowsException'{0x00000000d56e5270}> (0x00000000d56e5270) 
thrown [s\src\hotspot\share\prims\jni.cpp, line 520]
Event: 775044.154 Thread 0x0000017175712ab0 Exception <a 'sun/nio/fs/WindowsException'{0x00000000d56c35c8}> (0x00000000d56c35c8) 
thrown [s\src\hotspot\share\prims\jni.cpp, line 520]
Event: 775328.841 Thread 0x000001717c5ca8d0 Exception <a 'sun/nio/fs/WindowsException'{0x00000000d57b7600}> (0x00000000d57b7600) 
thrown [s\src\hotspot\share\prims\jni.cpp, line 520]
Event: 775328.854 Thread 0x000001717c5ca8d0 Exception <a 'sun/nio/fs/WindowsException'{0x00000000d57b7fd0}> (0x00000000d57b7fd0) 
thrown [s\src\hotspot\share\prims\jni.cpp, line 520]
Event: 866470.516 Thread 0x0000017175712ab0 Exception <a 'sun/nio/fs/WindowsException'{0x00000000d597c6e0}> (0x00000000d597c6e0) 
thrown [s\src\hotspot\share\prims\jni.cpp, line 520]
Event: 866470.991 Thread 0x0000017175712ab0 Exception <a 'sun/nio/fs/WindowsException'{0x00000000d58e7578}> (0x00000000d58e7578) 
thrown [s\src\hotspot\share\prims\jni.cpp, line 520]
Event: 866629.919 Thread 0x0000017175712ab0 Exception <a 'sun/nio/fs/WindowsException'{0x00000000d59b7690}> (0x00000000d59b7690) 
thrown [s\src\hotspot\share\prims\jni.cpp, line 520]
Event: 866630.656 Thread 0x0000017175712ab0 Exception <a 'sun/nio/fs/WindowsException'{0x00000000d55e8ed0}> (0x00000000d55e8ed0) 
thrown [s\src\hotspot\share\prims\jni.cpp, line 520]
Event: 866770.817 Thread 0x000001717c5cbc80 Exception <a 'sun/nio/fs/WindowsException'{0x00000000d59d7df0}> (0x00000000d59d7df0) 
thrown [s\src\hotspot\share\prims\jni.cpp, line 520]
Event: 866770.819 Thread 0x000001717c5cbc80 Exception <a 'sun/nio/fs/WindowsException'{0x00000000d59d87a0}> (0x00000000d59d87a0) 
thrown [s\src\hotspot\share\prims\jni.cpp, line 520]
Event: 866828.758 Thread 0x0000017175712ab0 Exception <a 'sun/nio/fs/WindowsException'{0x00000000d61a5130}> (0x00000000d61a5130) 
thrown [s\src\hotspot\share\prims\jni.cpp, line 520]
Event: 866829.335 Thread 0x0000017175712ab0 Exception <a 'sun/nio/fs/WindowsException'{0x00000000d55d9e30}> (0x00000000d55d9e30) 
thrown [s\src\hotspot\share\prims\jni.cpp, line 520]
Event: 867128.871 Thread 0x000001717c5cbc80 Exception <a 'sun/nio/fs/WindowsException'{0x00000000d5affad8}> (0x00000000d5affad8) 
thrown [s\src\hotspot\share\prims\jni.cpp, line 520]
Event: 867128.873 Thread 0x000001717c5cbc80 Exception <a 'sun/nio/fs/WindowsException'{0x00000000d5b00488}> (0x00000000d5b00488) 
thrown [s\src\hotspot\share\prims\jni.cpp, line 520]
Event: 867176.538 Thread 0x0000017175712ab0 Exception <a 'sun/nio/fs/WindowsException'{0x00000000d61c3530}> (0x00000000d61c3530) 
thrown [s\src\hotspot\share\prims\jni.cpp, line 520]
Event: 867177.111 Thread 0x0000017175712ab0 Exception <a 'sun/nio/fs/WindowsException'{0x00000000d5a88128}> (0x00000000d5a88128) 
thrown [s\src\hotspot\share\prims\jni.cpp, line 520]
Event: 867476.676 Thread 0x0000017177d78270 Exception <a 'sun/nio/fs/WindowsException'{0x00000000d5b05ba0}> (0x00000000d5b05ba0) 
thrown [s\src\hotspot\share\prims\jni.cpp, line 520]
Event: 867476.681 Thread 0x0000017177d78270 Exception <a 'sun/nio/fs/WindowsException'{0x00000000d5b06550}> (0x00000000d5b06550) 
thrown [s\src\hotspot\share\prims\jni.cpp, line 520]

ZGC Phase Switch (0 events):
No events

VM Operations (20 events):
Event: 867176.915 Executing safepoint VM operation: ParallelGCFailedAllocation (Allocation Failure)
Event: 867176.930 Executing safepoint VM operation: ParallelGCFailedAllocation (Allocation Failure) done
Event: 867178.060 Executing safepoint VM operation: ParallelGCFailedAllocation (Allocation Failure)
Event: 867178.072 Executing safepoint VM operation: ParallelGCFailedAllocation (Allocation Failure) done
Event: 867218.511 Executing non-safepoint VM operation: HandshakeAllThreads (HandshakeForDeflation)
Event: 867218.511 Executing non-safepoint VM operation: HandshakeAllThreads (HandshakeForDeflation) done
Event: 867218.511 Executing non-safepoint VM operation: RendezvousGCThreads
Event: 867218.511 Executing non-safepoint VM operation: RendezvousGCThreads done
Event: 867278.531 Executing non-safepoint VM operation: HandshakeAllThreads (HandshakeForDeflation)
Event: 867278.531 Executing non-safepoint VM operation: HandshakeAllThreads (HandshakeForDeflation) done
Event: 867278.531 Executing non-safepoint VM operation: RendezvousGCThreads
Event: 867278.531 Executing non-safepoint VM operation: RendezvousGCThreads done
Event: 867459.118 Executing non-safepoint VM operation: HandshakeAllThreads (HandshakeForDeflation)
Event: 867459.120 Executing non-safepoint VM operation: HandshakeAllThreads (HandshakeForDeflation) done
Event: 867459.120 Executing non-safepoint VM operation: RendezvousGCThreads
Event: 867459.120 Executing non-safepoint VM operation: RendezvousGCThreads done
Event: 867519.271 Executing non-safepoint VM operation: HandshakeAllThreads (HandshakeForDeflation)
Event: 867519.275 Executing non-safepoint VM operation: HandshakeAllThreads (HandshakeForDeflation) done
Event: 867519.275 Executing non-safepoint VM operation: RendezvousGCThreads
Event: 867519.275 Executing non-safepoint VM operation: RendezvousGCThreads done

Memory protections (0 events):
No events

Nmethod flushes (20 events):
Event: 773570.998 Thread 0x00000171170cda80 flushing  nmethod 0x000001711d456890
Event: 773571.000 Thread 0x00000171170cda80 flushing  nmethod 0x000001711d45b410
Event: 773571.000 Thread 0x00000171170cda80 flushing  nmethod 0x000001711d45d590
Event: 773571.000 Thread 0x00000171170cda80 flushing  nmethod 0x000001711d45e110
Event: 773571.000 Thread 0x00000171170cda80 flushing  nmethod 0x000001711d45e890
Event: 773571.000 Thread 0x00000171170cda80 flushing  nmethod 0x000001711d46ae90
Event: 773571.000 Thread 0x00000171170cda80 flushing  nmethod 0x000001711d46c790
Event: 773571.000 Thread 0x00000171170cda80 flushing  nmethod 0x000001711d472790
Event: 773571.000 Thread 0x00000171170cda80 flushing  nmethod 0x000001711d48ee90
Event: 773571.000 Thread 0x00000171170cda80 flushing  nmethod 0x000001711d492310
Event: 773571.000 Thread 0x00000171170cda80 flushing  nmethod 0x000001711d4b7510
Event: 773571.000 Thread 0x00000171170cda80 flushing  nmethod 0x000001711d4b8810
Event: 773571.000 Thread 0x00000171170cda80 flushing  nmethod 0x000001711d4ba210
Event: 773571.000 Thread 0x00000171170cda80 flushing  nmethod 0x000001711d4fb390
Event: 773571.000 Thread 0x00000171170cda80 flushing  nmethod 0x000001711d52e290
Event: 773571.000 Thread 0x00000171170cda80 flushing  nmethod 0x000001711d569010
Event: 773571.000 Thread 0x00000171170cda80 flushing  nmethod 0x000001711d594e10
Event: 773571.002 Thread 0x00000171170cda80 flushing  nmethod 0x000001711d598490
Event: 773571.002 Thread 0x00000171170cda80 flushing  nmethod 0x000001711d5f7810
Event: 773571.002 Thread 0x00000171170cda80 flushing  nmethod 0x000001711d620210

Events (20 events):
Event: 867161.345 Thread 0x0000017177d77550 Thread added: 0x0000017177d78900
Event: 867161.415 Thread 0x0000017177d78900 Thread exited: 0x0000017177d78900
Event: 867170.431 Thread 0x0000017177d7b6f0 Thread added: 0x0000017177d78270
Event: 867176.686 Thread 0x0000017175195300 Thread added: 0x0000017177d75480
Event: 867176.721 Thread 0x0000017177d78270 Thread added: 0x0000017177d7a340
Event: 867176.854 Thread 0x0000017177d78270 Thread added: 0x0000017177d78900
Event: 867236.872 Thread 0x0000017177d78900 Thread exited: 0x0000017177d78900
Event: 867238.063 Thread 0x000001717c5cbc80 Thread exited: 0x000001717c5cbc80
Event: 867238.063 Thread 0x0000017177d7b6f0 Thread exited: 0x0000017177d7b6f0
Event: 867238.435 Thread 0x0000017177d77550 Thread exited: 0x0000017177d77550
Event: 867298.444 Thread 0x00000171756d57a0 Thread exited: 0x00000171756d57a0
Event: 867358.478 Thread 0x0000017177d75b10 Thread exited: 0x0000017177d75b10
Event: 867369.393 Thread 0x00000171756dacf0 Thread exited: 0x00000171756dacf0
Event: 867418.462 Thread 0x0000017177d77be0 Thread exited: 0x0000017177d77be0
Event: 867476.637 Thread 0x0000017177d78270 Thread added: 0x0000017177d77be0
Event: 867476.651 Thread 0x0000017177d77be0 Thread exited: 0x0000017177d77be0
Event: 867476.688 Thread 0x0000017177d78270 Thread added: 0x0000017177d77550
Event: 867476.689 Thread 0x0000017177d77550 Thread exited: 0x0000017177d77550
Event: 867476.734 Thread 0x0000017177d7a340 Thread exited: 0x0000017177d7a340
Event: 867478.470 Thread 0x00000171756d8590 Thread exited: 0x00000171756d8590


Dynamic libraries:
0x00007ff794b20000 - 0x00007ff794b2e000 	c:\Users\91706\.vscode\extensions\redhat.java-1.55.0-win32-x64\jre\21.0.11-win32-x86_64\bin\java.exe
0x00007ffb74ec0000 - 0x00007ffb75126000 	C:\WINDOWS\SYSTEM32\ntdll.dll
0x00007ffb73670000 - 0x00007ffb73739000 	C:\WINDOWS\System32\KERNEL32.DLL
0x00007ffb72780000 - 0x00007ffb72b7a000 	C:\WINDOWS\System32\KERNELBASE.dll
0x00007ffb72500000 - 0x00007ffb7264c000 	C:\WINDOWS\System32\ucrtbase.dll
0x00007ffb60230000 - 0x00007ffb6024e000 	c:\Users\91706\.vscode\extensions\redhat.java-1.55.0-win32-x64\jre\21.0.11-win32-x86_64\bin\VCRUNTIME140.dll
0x00007ffb5f3c0000 - 0x00007ffb5f3d8000 	c:\Users\91706\.vscode\extensions\redhat.java-1.55.0-win32-x64\jre\21.0.11-win32-x86_64\bin\jli.dll
0x00007ffb74220000 - 0x00007ffb743e7000 	C:\WINDOWS\System32\USER32.dll
0x00007ffb724d0000 - 0x00007ffb724f7000 	C:\WINDOWS\System32\win32u.dll
0x00007ffb5af10000 - 0x00007ffb5b1a2000 	C:\WINDOWS\WinSxS\amd64_microsoft.windows.common-controls_6595b64144ccf1df_6.0.26100.8521_none_3e08b75ce33403b3\COMCTL32.dll
0x00007ffb73480000 - 0x00007ffb73529000 	C:\WINDOWS\System32\msvcrt.dll
0x00007ffb735f0000 - 0x00007ffb7361b000 	C:\WINDOWS\System32\GDI32.dll
0x00007ffb72650000 - 0x00007ffb7277b000 	C:\WINDOWS\System32\gdi32full.dll
0x00007ffb72b80000 - 0x00007ffb72c23000 	C:\WINDOWS\System32\msvcp_win.dll
0x00007ffb73a30000 - 0x00007ffb73a62000 	C:\WINDOWS\System32\IMM32.DLL
0x00007ffb6ed40000 - 0x00007ffb6ed4c000 	c:\Users\91706\.vscode\extensions\redhat.java-1.55.0-win32-x64\jre\21.0.11-win32-x86_64\bin\vcruntime140_1.dll
0x00007ffb24c10000 - 0x00007ffb24c9d000 	c:\Users\91706\.vscode\extensions\redhat.java-1.55.0-win32-x64\jre\21.0.11-win32-x86_64\bin\msvcp140.dll
0x00007ffb038a0000 - 0x00007ffb04642000 	c:\Users\91706\.vscode\extensions\redhat.java-1.55.0-win32-x64\jre\21.0.11-win32-x86_64\bin\server\jvm.dll
0x00007ffb73530000 - 0x00007ffb735e6000 	C:\WINDOWS\System32\ADVAPI32.dll
0x00007ffb745d0000 - 0x00007ffb7467a000 	C:\WINDOWS\System32\sechost.dll
0x00007ffb73b30000 - 0x00007ffb73c48000 	C:\WINDOWS\System32\RPCRT4.dll
0x00007ffb733f0000 - 0x00007ffb73470000 	C:\WINDOWS\System32\WS2_32.dll
0x00007ffb71fb0000 - 0x00007ffb7200e000 	C:\WINDOWS\SYSTEM32\POWRPROF.dll
0x00007ffb6ae60000 - 0x00007ffb6ae6b000 	C:\WINDOWS\SYSTEM32\VERSION.dll
0x00007ffb60ac0000 - 0x00007ffb60af6000 	C:\WINDOWS\SYSTEM32\WINMM.dll
0x00007ffb71f90000 - 0x00007ffb71fa4000 	C:\WINDOWS\SYSTEM32\UMPDC.dll
0x00007ffb70ee0000 - 0x00007ffb70efb000 	C:\WINDOWS\SYSTEM32\kernel.appcore.dll
0x00007ffb686e0000 - 0x00007ffb686ea000 	c:\Users\91706\.vscode\extensions\redhat.java-1.55.0-win32-x64\jre\21.0.11-win32-x86_64\bin\jimage.dll
0x00007ffb6f110000 - 0x00007ffb6f352000 	C:\WINDOWS\SYSTEM32\DBGHELP.DLL
0x00007ffb73d30000 - 0x00007ffb740b3000 	C:\WINDOWS\System32\combase.dll
0x00007ffb73c50000 - 0x00007ffb73d29000 	C:\WINDOWS\System32\OLEAUT32.dll
0x00007ffb59670000 - 0x00007ffb596ab000 	C:\WINDOWS\SYSTEM32\dbgcore.DLL
0x00007ffb721e0000 - 0x00007ffb72288000 	C:\WINDOWS\System32\bcryptPrimitives.dll
0x00007ffb63220000 - 0x00007ffb6322f000 	c:\Users\91706\.vscode\extensions\redhat.java-1.55.0-win32-x64\jre\21.0.11-win32-x86_64\bin\instrument.dll
0x00007ffb5eee0000 - 0x00007ffb5ef00000 	c:\Users\91706\.vscode\extensions\redhat.java-1.55.0-win32-x64\jre\21.0.11-win32-x86_64\bin\java.dll
0x00007ffb74680000 - 0x00007ffb74e04000 	C:\WINDOWS\System32\SHELL32.dll
0x00007ffb6fd50000 - 0x00007ffb705d0000 	C:\WINDOWS\SYSTEM32\windows.storage.dll
0x00007ffb732f0000 - 0x00007ffb733e6000 	C:\WINDOWS\System32\SHCORE.dll
0x00007ffb74e10000 - 0x00007ffb74e77000 	C:\WINDOWS\System32\shlwapi.dll
0x00007ffb72070000 - 0x00007ffb72099000 	C:\WINDOWS\SYSTEM32\profapi.dll
0x00007ffb582f0000 - 0x00007ffb58308000 	c:\Users\91706\.vscode\extensions\redhat.java-1.55.0-win32-x64\jre\21.0.11-win32-x86_64\bin\zip.dll
0x00007ffb601c0000 - 0x00007ffb601d0000 	C:\Users\91706\.vscode\extensions\redhat.java-1.55.0-win32-x64\jre\21.0.11-win32-x86_64\bin\net.dll
0x00007ffb69000000 - 0x00007ffb69129000 	C:\WINDOWS\SYSTEM32\WINHTTP.dll
0x00007ffb71450000 - 0x00007ffb714bc000 	C:\WINDOWS\system32\mswsock.dll
0x00007ffb582d0000 - 0x00007ffb582e6000 	C:\Users\91706\.vscode\extensions\redhat.java-1.55.0-win32-x64\jre\21.0.11-win32-x86_64\bin\nio.dll
0x00007ffb5f3b0000 - 0x00007ffb5f3c0000 	c:\Users\91706\.vscode\extensions\redhat.java-1.55.0-win32-x64\jre\21.0.11-win32-x86_64\bin\verify.dll
0x00007ffb1ebf0000 - 0x00007ffb1ec35000 	C:\Users\91706\AppData\Roaming\Code\User\globalStorage\redhat.java\1.55.0\config_win\org.eclipse.equinox.launcher\org.eclipse.equinox.launcher.win32.win32.x86_64_1.3.100.v20260613-0559\eclipse_11924.dll
0x00007ffb73150000 - 0x00007ffb732e8000 	C:\WINDOWS\System32\ole32.dll
0x00007ffb5eed0000 - 0x00007ffb5eeda000 	C:\Users\91706\.vscode\extensions\redhat.java-1.55.0-win32-x64\jre\21.0.11-win32-x86_64\bin\management.dll
0x00007ffb5bee0000 - 0x00007ffb5beec000 	C:\Users\91706\.vscode\extensions\redhat.java-1.55.0-win32-x64\jre\21.0.11-win32-x86_64\bin\management_ext.dll
0x00007ffb73850000 - 0x00007ffb73858000 	C:\WINDOWS\System32\PSAPI.DLL
0x00007ffb71730000 - 0x00007ffb7174b000 	C:\WINDOWS\SYSTEM32\CRYPTSP.dll
0x00007ffb70e40000 - 0x00007ffb70e79000 	C:\WINDOWS\system32\rsaenh.dll
0x00007ffb71500000 - 0x00007ffb71533000 	C:\WINDOWS\SYSTEM32\USERENV.dll
0x00007ffb72040000 - 0x00007ffb7206a000 	C:\WINDOWS\SYSTEM32\bcrypt.dll
0x00007ffb71750000 - 0x00007ffb7175c000 	C:\WINDOWS\SYSTEM32\CRYPTBASE.dll
0x00007ffb70930000 - 0x00007ffb70963000 	C:\WINDOWS\SYSTEM32\IPHLPAPI.DLL
0x00007ffb73840000 - 0x00007ffb7384a000 	C:\WINDOWS\System32\NSI.dll
0x00007ffb1eba0000 - 0x00007ffb1ebe9000 	C:\Users\91706\AppData\Local\Temp\jna-54154853\jna16506123775153579896.dll
0x00007ffb68e20000 - 0x00007ffb68e3d000 	C:\WINDOWS\SYSTEM32\dhcpcsvc6.DLL
0x00007ffb68df0000 - 0x00007ffb68e15000 	C:\WINDOWS\SYSTEM32\dhcpcsvc.DLL
0x00007ffb68700000 - 0x00007ffb6870e000 	C:\Users\91706\.vscode\extensions\redhat.java-1.55.0-win32-x64\jre\21.0.11-win32-x86_64\bin\sunmscapi.dll
0x00007ffb72290000 - 0x00007ffb72408000 	C:\WINDOWS\System32\CRYPT32.dll
0x00007ffb71950000 - 0x00007ffb71980000 	C:\WINDOWS\SYSTEM32\ncrypt.dll
0x00007ffb71900000 - 0x00007ffb7193f000 	C:\WINDOWS\SYSTEM32\NTASN1.dll
0x00007ffb709d0000 - 0x00007ffb70b1a000 	C:\WINDOWS\SYSTEM32\DNSAPI.dll
0x00007ffb71250000 - 0x00007ffb7125d000 	C:\WINDOWS\SYSTEM32\DSPARSE.dll
0x00007ffb62040000 - 0x00007ffb6204b000 	C:\Windows\System32\rasadhlp.dll
0x00007ffb64ab0000 - 0x00007ffb64b36000 	C:\WINDOWS\System32\fwpuclnt.dll
0x00007ffb5a710000 - 0x00007ffb5a719000 	C:\Users\91706\.vscode\extensions\redhat.java-1.55.0-win32-x64\jre\21.0.11-win32-x86_64\bin\extnet.dll
0x00007ffb50860000 - 0x00007ffb50868000 	C:\WINDOWS\system32\wshunix.dll

JVMTI agents:
c:\Users\91706\.vscode\extensions\redhat.java-1.55.0-win32-x64\lombok\lombok-1.18.39-4050.jar path:c:\Users\91706\.vscode\extensions\redhat.java-1.55.0-win32-x64\jre\21.0.11-win32-x86_64\bin\instrument.dll, loaded, initialized, instrumentlib options:none

dbghelp: loaded successfully - version: 4.0.5 - missing functions: none
symbol engine: initialized successfully - sym options: 0x614 - pdb path: .;c:\Users\91706\.vscode\extensions\redhat.java-1.55.0-win32-x64\jre\21.0.11-win32-x86_64\bin;C:\WINDOWS\SYSTEM32;C:\WINDOWS\WinSxS\amd64_microsoft.windows.common-controls_6595b64144ccf1df_6.0.26100.8521_none_3e08b75ce33403b3;c:\Users\91706\.vscode\extensions\redhat.java-1.55.0-win32-x64\jre\21.0.11-win32-x86_64\bin\server;C:\Users\91706\AppData\Roaming\Code\User\globalStorage\redhat.java\1.55.0\config_win\org.eclipse.equinox.launcher\org.eclipse.equinox.launcher.win32.win32.x86_64_1.3.100.v20260613-0559;C:\Users\91706\AppData\Local\Temp\jna-54154853

VM Arguments:
jvm_args: --add-modules=ALL-SYSTEM --add-opens=java.base/java.util=ALL-UNNAMED --add-opens=java.base/java.lang=ALL-UNNAMED --add-opens=java.base/sun.nio.fs=ALL-UNNAMED -Declipse.application=org.eclipse.jdt.ls.core.id1 -Dosgi.bundles.defaultStartLevel=4 -Declipse.product=org.eclipse.jdt.ls.core.product -Djava.import.generatesMetadataFilesAtProjectRoot=false -DDetectVMInstallationsJob.disabled=true -Dfile.encoding=utf8 -XX:+UseParallelGC -XX:GCTimeRatio=4 -XX:AdaptiveSizePolicyWeight=90 -Dsun.zip.disableMemoryMapping=true -Xmx2G -Xms100m -Xlog:disable -javaagent:c:\Users\91706\.vscode\extensions\redhat.java-1.55.0-win32-x64\lombok\lombok-1.18.39-4050.jar -XX:+HeapDumpOnOutOfMemoryError -XX:HeapDumpPath=c:\Users\91706\AppData\Roaming\Code\User\workspaceStorage\10f03aeb9798a9b39d6ee033638ceb2f\redhat.java -Daether.dependencyCollector.impl=bf 
java_command: c:\Users\91706\.vscode\extensions\redhat.java-1.55.0-win32-x64\server\plugins\org.eclipse.equinox.launcher_1.7.200.v20260619-2039.jar -configuration c:\Users\91706\AppData\Roaming\Code\User\globalStorage\redhat.java\1.55.0\config_win -data c:\Users\91706\AppData\Roaming\Code\User\workspaceStorage\10f03aeb9798a9b39d6ee033638ceb2f\redhat.java\jdt_ws --pipe=\\.\pipe\lsp-bdea92420f799ffe7dd81ba4cd84c4a4-sock
java_class_path (initial): c:\Users\91706\.vscode\extensions\redhat.java-1.55.0-win32-x64\server\plugins\org.eclipse.equinox.launcher_1.7.200.v20260619-2039.jar
Launcher Type: SUN_STANDARD

[Global flags]
    uintx AdaptiveSizePolicyWeight                 = 90                                        {product} {command line}
     intx CICompilerCount                          = 4                                         {product} {ergonomic}
    uintx GCTimeRatio                              = 4                                         {product} {command line}
     bool HeapDumpOnOutOfMemoryError               = true                                   {manageable} {command line}
    ccstr HeapDumpPath                             = c:\Users\91706\AppData\Roaming\Code\User\workspaceStorage\10f03aeb9798a9b39d6ee033638ceb2f\redhat.java         {manageable} {command line}
   size_t InitialHeapSize                          = 104857600                                 {product} {command line}
   size_t MaxHeapSize                              = 2147483648                                {product} {command line}
   size_t MaxNewSize                               = 715653120                                 {product} {ergonomic}
   size_t MinHeapDeltaBytes                        = 524288                                    {product} {ergonomic}
   size_t MinHeapSize                              = 104857600                                 {product} {command line}
   size_t NewSize                                  = 34603008                                  {product} {ergonomic}
    uintx NonNMethodCodeHeapSize                   = 5839372                                {pd product} {ergonomic}
    uintx NonProfiledCodeHeapSize                  = 122909434                              {pd product} {ergonomic}
   size_t OldSize                                  = 70254592                                  {product} {ergonomic}
    uintx ProfiledCodeHeapSize                     = 122909434                              {pd product} {ergonomic}
    uintx ReservedCodeCacheSize                    = 251658240                              {pd product} {ergonomic}
     bool SegmentedCodeCache                       = true                                      {product} {ergonomic}
   size_t SoftMaxHeapSize                          = 2147483648                             {manageable} {ergonomic}
     bool UseCompressedOops                        = true                           {product lp64_product} {ergonomic}
     bool UseLargePagesIndividualAllocation        = false                                  {pd product} {ergonomic}
     bool UseParallelGC                            = true                                      {product} {command line}

Logging:
Log output configuration:
 #0: stdout all=off uptime,level,tags foldmultilines=false
 #1: stderr all=off uptime,level,tags foldmultilines=false

Release file:
JAVA_VERSION="21.0.11" 
MODULES="java.base java.compiler java.datatransfer java.xml java.prefs java.desktop java.instrument java.logging java.management java.security.sasl java.naming java.rmi java.management.rmi java.net.http java.scripting java.security.jgss java.transaction.xa java.sql java.sql.rowset java.xml.crypto java.se java.smartcardio jdk.accessibility jdk.internal.jvmstat jdk.attach jdk.charsets jdk.internal.opt jdk.zipfs jdk.compiler jdk.crypto.ec jdk.crypto.cryptoki jdk.crypto.mscapi jdk.dynalink jdk.internal.ed jdk.editpad jdk.hotspot.agent jdk.httpserver jdk.internal.le jdk.internal.vm.ci jdk.internal.vm.compiler jdk.internal.vm.compiler.management jdk.jartool jdk.javadoc jdk.jcmd jdk.management jdk.management.agent jdk.jconsole jdk.jdeps jdk.jdwp.agent jdk.jdi jdk.jfr jdk.jshell jdk.jsobject jdk.jstatd jdk.localedata jdk.management.jfr jdk.naming.dns jdk.naming.rmi jdk.net jdk.nio.mapmode jdk.random jdk.sctp jdk.security.auth jdk.security.jgss jdk.unsupported jdk.unsupported.desktop jdk.xml.dom" 

Environment Variables:
PATH=C:\Program Files\Eclipse Adoptium\jdk-17.0.16.8-hotspot\bin;C:\Program Files\Eclipse Adoptium\jdk-8.0.462.8-hotspot\bin;C:\Program Files\Common Files\Oracle\Java\javapath;C:\Program Files\Eclipse Adoptium\jdk-25.0.0.36-hotspot\bin;C:\WINDOWS\system32;C:\WINDOWS;C:\WINDOWS\System32\Wbem;C:\WINDOWS\System32\WindowsPowerShell\v1.0\;C:\WINDOWS\System32\OpenSSH\;C:\Program Files\Git\cmd;C:\Program Files\nodejs\;C:\Program Files\MySQL\MySQL Server 8.0\bin;%MAVEN_HOME%\bin;C:\Program Files\cursor\resources\app\bin;C:\Users\91706\AppData\Local\Microsoft\WindowsApps;C:\Users\91706\AppData\Local\Programs\Microsoft VS Code\bin;C:\MinGW\bin;C:\Users\91706\AppData\Roaming\npm;C:\Users\91706\OneDrive\Desktop\springboot\apache-maven-3.9.11\bin;
USERNAME=91706
OS=Windows_NT
PROCESSOR_IDENTIFIER=Intel64 Family 6 Model 126 Stepping 5, GenuineIntel
TMP=C:\Users\91706\AppData\Local\Temp
TEMP=C:\Users\91706\AppData\Local\Temp




Periodic native trim disabled

---------------  S Y S T E M  ---------------

OS:
 Windows 11 , 64 bit Build 26100 (10.0.26100.8521)
OS uptime: 24 days 7:28 hours

CPU: total 8 (initial active 8) (4 cores per cpu, 2 threads per core) family 6 model 126 stepping 5 microcode 0xa6, cx8, cmov, fxsr, ht, mmx, 3dnowpref, sse, sse2, sse3, ssse3, sse4.1, sse4.2, popcnt, lzcnt, tsc, tscinvbit, avx, avx2, aes, erms, clmul, bmi1, bmi2, adx, avx512f, avx512dq, avx512cd, avx512bw, avx512vl, sha, fma, vzeroupper, avx512_vpopcntdq, avx512_vpclmulqdq, avx512_vaes, avx512_vnni, clflush, clflushopt, avx512_vbmi2, avx512_vbmi, rdtscp, rdpid, fsrm, gfni, avx512_bitalg, f16c, pku, avx512_ifma
Processor Information for processor 0
  Max Mhz: 1201, Current Mhz: 1000, Mhz Limit: 1201
Processor Information for processor 1
  Max Mhz: 1201, Current Mhz: 1201, Mhz Limit: 1201
Processor Information for processor 2
  Max Mhz: 1201, Current Mhz: 1000, Mhz Limit: 1201
Processor Information for processor 3
  Max Mhz: 1201, Current Mhz: 1201, Mhz Limit: 1201
Processor Information for processor 4
  Max Mhz: 1201, Current Mhz: 1201, Mhz Limit: 1201
Processor Information for processor 5
  Max Mhz: 1201, Current Mhz: 1201, Mhz Limit: 1201
Processor Information for processor 6
  Max Mhz: 1201, Current Mhz: 1201, Mhz Limit: 1201
Processor Information for processor 7
  Max Mhz: 1201, Current Mhz: 1000, Mhz Limit: 1201

Memory: 4k page, system-wide physical 7930M (442M free)
TotalPageFile size 32506M (AvailPageFile size 15M)
current process WorkingSet (physical memory assigned to process): 8M, peak: 1196M
current process commit charge ("private bytes"): 1018M, peak: 1817M

vm_info: OpenJDK 64-Bit Server VM (21.0.11+10-LTS) for windows-amd64 JRE (21.0.11+10-LTS), built on 2026-04-21T00:00:00Z by "admin" with MS VC++ 17.12 (VS2022)

END.
